2025-08-10 12:08:25 | INFO     | Fetching 0050 data...
2025-08-10 12:08:25 | INFO     | Fetching stock data:

2025-08-10 12:08:25 | INFO     | Preview:

2025-08-10 12:08:25 | INFO     | Price        date      close  ...       open    volume
0      2015-01-05  13.780907  ...  13.749845  25182448
1      2015-01-06  13.439230  ...  13.615244  78007304
2      2015-01-07  13.459937  ...  13.397814  27966168
3      2015-01-08  13.770553  ...  13.563477  52614100
4      2015-01-09  13.698076  ...  13.853383  23567924

[5 rows x 6 columns]
2025-08-10 12:08:25 | INFO     | Added new data 0 count
2025-08-10 12:08:25 | INFO     | DB size：484.00 KB
2025-08-10 12:08:25 | INFO     | Done Updating!
2025-08-10 12:09:10 | INFO     | Fetching 0050 data...
2025-08-10 12:09:10 | INFO     | Fetching stock data:

2025-08-10 12:09:10 | INFO     | Preview:

2025-08-10 12:09:10 | INFO     | Price        date      close  ...       open    volume
0      2015-01-05  13.780906  ...  13.749844  25182448
1      2015-01-06  13.439230  ...  13.615244  78007304
2      2015-01-07  13.459939  ...  13.397816  27966168
3      2015-01-08  13.770551  ...  13.563475  52614100
4      2015-01-09  13.698076  ...  13.853383  23567924

[5 rows x 6 columns]
2025-08-10 12:09:10 | INFO     | Added new data 0 count
2025-08-10 12:09:10 | INFO     | DB size：484.00 KB
2025-08-10 12:09:10 | INFO     | Done Updating!
2025-08-10 12:12:51 | INFO     | Fetching 0050 data...
2025-08-10 12:12:51 | INFO     | Fetching stock data...
2025-08-10 12:12:51 | INFO     | Preview of df:
2025-08-10 12:12:51 | INFO     | Price        date      close  ...       open    volume
0      2015-01-05  13.780907  ...  13.749845  25182448
1      2015-01-06  13.439231  ...  13.615245  78007304
2      2015-01-07  13.459935  ...  13.397812  27966168
3      2015-01-08  13.770552  ...  13.563476  52614100
4      2015-01-09  13.698075  ...  13.853382  23567924

[5 rows x 6 columns]
2025-08-10 12:12:51 | INFO     | Added new data 0 count
2025-08-10 12:12:51 | INFO     | DB size：484.00 KB
2025-08-10 12:12:51 | INFO     | Done Updating!
2025-08-10 12:13:58 | INFO     | Fetching 0050 data...
2025-08-10 12:13:58 | INFO     | Fetching stock data...
2025-08-10 12:13:58 | INFO     | Preview of df:
2025-08-10 12:13:58 | INFO     | 
Price        date      close  ...       open    volume
0      2015-01-05  13.780905  ...  13.749843  25182448
1      2015-01-06  13.439230  ...  13.615244  78007304
2      2015-01-07  13.459937  ...  13.397814  27966168
3      2015-01-08  13.770551  ...  13.563475  52614100
4      2015-01-09  13.698075  ...  13.853382  23567924

[5 rows x 6 columns]
2025-08-10 12:13:58 | INFO     | Added new data 0 count
2025-08-10 12:13:58 | INFO     | DB size：488.00 KB
2025-08-10 12:13:58 | INFO     | Done Updating!
2025-08-10 12:25:32 | INFO     | Querying stock data from DB...
2025-08-10 12:25:32 | INFO     | Preview of df:
2025-08-10 12:25:32 | INFO     | 
  stock_id        date        open  ...         low       close    volume
0     0050  2015-01-05   13.749843  ...   13.667012   13.780905  25182448
1     2330  2015-01-05  104.125107  ...  101.901795  103.384003  32046000
2     0050  2015-01-06   13.615244  ...   13.408168   13.439230  78007304
3     2330  2015-01-06  101.901794  ...   98.566826   98.937378  66778000
4     0050  2015-01-07   13.397814  ...   13.397814   13.459937  27966168

[5 rows x 7 columns]
2025-08-10 13:46:02 | INFO     | Querying stock data from DB...
2025-08-10 13:46:02 | INFO     | Preview of df:
2025-08-10 13:46:02 | INFO     | 
  stock_id        date  ...       close    volume
0     0050  2015-01-05  ...   13.780905  25182448
1     2330  2015-01-05  ...  103.384003  32046000
2     0050  2015-01-06  ...   13.439230  78007304
3     2330  2015-01-06  ...   98.937378  66778000
4     0050  2015-01-07  ...   13.459937  27966168

[5 rows x 7 columns]
2025-08-10 13:46:02 | DEBUG    | Date range is about 10.60 years
2025-08-10 13:46:14 | INFO     | Querying stock data from DB...
2025-08-10 13:46:14 | INFO     | Preview of df:
2025-08-10 13:46:14 | INFO     | 
  stock_id        date  ...       close    volume
0     0050  2015-01-05  ...   13.780905  25182448
1     2330  2015-01-05  ...  103.384003  32046000
2     0050  2015-01-06  ...   13.439230  78007304
3     2330  2015-01-06  ...   98.937378  66778000
4     0050  2015-01-07  ...   13.459937  27966168

[5 rows x 7 columns]
2025-08-10 13:46:15 | DEBUG    | Date range is about 10.60 years
2025-08-10 14:33:52 | INFO     | Querying stock data from DB...
2025-08-10 14:33:52 | INFO     | Preview of df:
2025-08-10 14:33:52 | INFO     | 
  stock_id        date  ...       close    volume
0     0050  2015-01-05  ...   13.780905  25182448
1     2330  2015-01-05  ...  103.384003  32046000
2     0050  2015-01-06  ...   13.439230  78007304
3     2330  2015-01-06  ...   98.937378  66778000
4     0050  2015-01-07  ...   13.459937  27966168

[5 rows x 7 columns]
2025-08-10 14:33:52 | DEBUG    | Date range is about 10.60 years
2025-08-10 14:37:13 | INFO     | Querying stock data from DB...
2025-08-10 14:37:13 | INFO     | Preview of df:
2025-08-10 14:37:13 | INFO     | 
  stock_id        date  ...       close    volume
0     0050  2015-01-05  ...   13.780905  25182448
1     2330  2015-01-05  ...  103.384003  32046000
2     0050  2015-01-06  ...   13.439230  78007304
3     2330  2015-01-06  ...   98.937378  66778000
4     0050  2015-01-07  ...   13.459937  27966168

[5 rows x 7 columns]
2025-08-10 14:37:13 | DEBUG    | Date range is about 10.60 years
2025-08-10 14:55:45 | INFO     | Querying stock data from DB...
2025-08-10 14:55:45 | INFO     | Preview of df:
2025-08-10 14:55:45 | INFO     | 
  stock_id        date  ...       close    volume
0     0050  2015-01-05  ...   13.780905  25182448
1     2330  2015-01-05  ...  103.384003  32046000
2     0050  2015-01-06  ...   13.439230  78007304
3     2330  2015-01-06  ...   98.937378  66778000
4     0050  2015-01-07  ...   13.459937  27966168

[5 rows x 7 columns]
2025-08-10 14:55:45 | DEBUG    | Date range is about 10.60 years
2025-08-10 14:58:38 | INFO     | Querying stock data from DB...
2025-08-10 14:58:38 | INFO     | Preview of df:
2025-08-10 14:58:38 | INFO     | 
  stock_id        date  ...       close    volume
0     0050  2015-01-05  ...   13.780905  25182448
1     2330  2015-01-05  ...  103.384003  32046000
2     0050  2015-01-06  ...   13.439230  78007304
3     2330  2015-01-06  ...   98.937378  66778000
4     0050  2015-01-07  ...   13.459937  27966168

[5 rows x 7 columns]
2025-08-10 14:58:38 | DEBUG    | Date range is about 10.60 years
2025-08-10 15:00:38 | INFO     | Querying stock data from DB...
2025-08-10 15:00:38 | INFO     | Preview of df:
2025-08-10 15:00:38 | INFO     | 
  stock_id        date  ...       close    volume
0     0050  2015-01-05  ...   13.780905  25182448
1     2330  2015-01-05  ...  103.384003  32046000
2     0050  2015-01-06  ...   13.439230  78007304
3     2330  2015-01-06  ...   98.937378  66778000
4     0050  2015-01-07  ...   13.459937  27966168

[5 rows x 7 columns]
2025-08-10 15:00:38 | DEBUG    | Date range is about 10.60 years
2025-08-10 15:00:53 | INFO     | Querying stock data from DB...
2025-08-10 15:00:53 | INFO     | Preview of df:
2025-08-10 15:00:53 | INFO     | 
  stock_id        date  ...       close    volume
0     0050  2015-01-05  ...   13.780905  25182448
1     2330  2015-01-05  ...  103.384003  32046000
2     0050  2015-01-06  ...   13.439230  78007304
3     2330  2015-01-06  ...   98.937378  66778000
4     0050  2015-01-07  ...   13.459937  27966168

[5 rows x 7 columns]
2025-08-10 15:00:54 | DEBUG    | Date range is about 10.60 years
2025-08-10 15:03:18 | INFO     | Querying stock data from DB...
2025-08-10 15:03:18 | INFO     | Preview of df:
2025-08-10 15:03:18 | INFO     | 
  stock_id        date  ...       close    volume
0     0050  2015-01-05  ...   13.780905  25182448
1     2330  2015-01-05  ...  103.384003  32046000
2     0050  2015-01-06  ...   13.439230  78007304
3     2330  2015-01-06  ...   98.937378  66778000
4     0050  2015-01-07  ...   13.459937  27966168

[5 rows x 7 columns]
2025-08-10 15:03:18 | DEBUG    | Date range is about 10.60 years
2025-08-10 15:06:59 | INFO     | Querying stock data from DB...
2025-08-10 15:06:59 | INFO     | Preview of df:
2025-08-10 15:06:59 | INFO     | 
  stock_id        date  ...       close    volume
0     0050  2015-01-05  ...   13.780905  25182448
1     2330  2015-01-05  ...  103.384003  32046000
2     0050  2015-01-06  ...   13.439230  78007304
3     2330  2015-01-06  ...   98.937378  66778000
4     0050  2015-01-07  ...   13.459937  27966168

[5 rows x 7 columns]
2025-08-10 15:06:59 | DEBUG    | Date range is about 10.60 years
2025-08-10 15:08:59 | INFO     | Querying stock data from DB...
2025-08-10 15:08:59 | INFO     | Preview of df:
2025-08-10 15:08:59 | INFO     | 
  stock_id        date  ...       close    volume
0     0050  2015-01-05  ...   13.780905  25182448
1     2330  2015-01-05  ...  103.384003  32046000
2     0050  2015-01-06  ...   13.439230  78007304
3     2330  2015-01-06  ...   98.937378  66778000
4     0050  2015-01-07  ...   13.459937  27966168

[5 rows x 7 columns]
2025-08-10 15:08:59 | DEBUG    | Date range is about 10.60 years
2025-08-10 15:09:33 | INFO     | Querying stock data from DB...
2025-08-10 15:09:33 | INFO     | Preview of df:
2025-08-10 15:09:33 | INFO     | 
  stock_id        date  ...       close    volume
0     0050  2015-01-05  ...   13.780905  25182448
1     2330  2015-01-05  ...  103.384003  32046000
2     0050  2015-01-06  ...   13.439230  78007304
3     2330  2015-01-06  ...   98.937378  66778000
4     0050  2015-01-07  ...   13.459937  27966168

[5 rows x 7 columns]
2025-08-10 15:09:33 | DEBUG    | Date range is about 10.60 years
2025-08-10 15:10:05 | INFO     | Querying stock data from DB...
2025-08-10 15:10:05 | INFO     | Preview of df:
2025-08-10 15:10:05 | INFO     | 
  stock_id        date  ...       close    volume
0     0050  2015-01-05  ...   13.780905  25182448
1     2330  2015-01-05  ...  103.384003  32046000
2     0050  2015-01-06  ...   13.439230  78007304
3     2330  2015-01-06  ...   98.937378  66778000
4     0050  2015-01-07  ...   13.459937  27966168

[5 rows x 7 columns]
2025-08-10 15:10:06 | DEBUG    | Date range is about 10.60 years
2025-08-10 15:10:43 | INFO     | Querying stock data from DB...
2025-08-10 15:10:43 | INFO     | Preview of df:
2025-08-10 15:10:43 | INFO     | 
  stock_id        date  ...       close    volume
0     0050  2015-01-05  ...   13.780905  25182448
1     2330  2015-01-05  ...  103.384003  32046000
2     0050  2015-01-06  ...   13.439230  78007304
3     2330  2015-01-06  ...   98.937378  66778000
4     0050  2015-01-07  ...   13.459937  27966168

[5 rows x 7 columns]
2025-08-10 15:10:43 | DEBUG    | Date range is about 10.60 years
2025-08-10 15:12:49 | INFO     | Querying stock data from DB...
2025-08-10 15:12:49 | INFO     | Preview of df:
2025-08-10 15:12:49 | INFO     | 
  stock_id        date  ...       close    volume
0     0050  2015-01-05  ...   13.780905  25182448
1     2330  2015-01-05  ...  103.384003  32046000
2     0050  2015-01-06  ...   13.439230  78007304
3     2330  2015-01-06  ...   98.937378  66778000
4     0050  2015-01-07  ...   13.459937  27966168

[5 rows x 7 columns]
2025-08-10 15:12:49 | DEBUG    | Date range is about 10.60 years
2025-08-10 15:24:22 | INFO     | Querying stock data from DB...
2025-08-10 15:24:22 | INFO     | Preview of df:
2025-08-10 15:24:22 | INFO     | 
  stock_id        date  ...       close    volume
0     0050  2015-01-05  ...   13.780905  25182448
1     2330  2015-01-05  ...  103.384003  32046000
2     0050  2015-01-06  ...   13.439230  78007304
3     2330  2015-01-06  ...   98.937378  66778000
4     0050  2015-01-07  ...   13.459937  27966168

[5 rows x 7 columns]
2025-08-10 15:24:22 | DEBUG    | Date range is about 10.60 years
2025-08-10 15:24:27 | INFO     | Querying stock data from DB...
2025-08-10 15:24:27 | INFO     | Preview of df:
2025-08-10 15:24:27 | INFO     | 
  stock_id        date  ...       close    volume
0     0050  2015-01-05  ...   13.780905  25182448
1     2330  2015-01-05  ...  103.384003  32046000
2     0050  2015-01-06  ...   13.439230  78007304
3     2330  2015-01-06  ...   98.937378  66778000
4     0050  2015-01-07  ...   13.459937  27966168

[5 rows x 7 columns]
2025-08-10 15:24:27 | DEBUG    | Date range is about 10.60 years
2025-08-10 15:24:32 | INFO     | Querying stock data from DB...
2025-08-10 15:24:32 | INFO     | Preview of df:
2025-08-10 15:24:32 | INFO     | 
  stock_id        date  ...       close    volume
0     0050  2015-01-05  ...   13.780905  25182448
1     2330  2015-01-05  ...  103.384003  32046000
2     0050  2015-01-06  ...   13.439230  78007304
3     2330  2015-01-06  ...   98.937378  66778000
4     0050  2015-01-07  ...   13.459937  27966168

[5 rows x 7 columns]
2025-08-10 15:24:32 | DEBUG    | Date range is about 10.60 years
2025-08-10 15:30:29 | INFO     | Querying stock data from DB...
2025-08-10 15:30:29 | INFO     | Preview of df:
2025-08-10 15:30:29 | INFO     | 
  stock_id        date  ...       close    volume
0     0050  2015-01-05  ...   13.780905  25182448
1     2330  2015-01-05  ...  103.384003  32046000
2     0050  2015-01-06  ...   13.439230  78007304
3     2330  2015-01-06  ...   98.937378  66778000
4     0050  2015-01-07  ...   13.459937  27966168

[5 rows x 7 columns]
2025-08-10 15:30:38 | INFO     | Querying stock data from DB...
2025-08-10 15:30:38 | INFO     | Preview of df:
2025-08-10 15:30:38 | INFO     | 
  stock_id        date  ...       close    volume
0     0050  2015-01-05  ...   13.780905  25182448
1     2330  2015-01-05  ...  103.384003  32046000
2     0050  2015-01-06  ...   13.439230  78007304
3     2330  2015-01-06  ...   98.937378  66778000
4     0050  2015-01-07  ...   13.459937  27966168

[5 rows x 7 columns]
2025-08-10 15:34:08 | INFO     | Querying stock data from DB...
2025-08-10 15:34:08 | INFO     | Preview of df:
2025-08-10 15:34:08 | INFO     | 
  stock_id        date  ...       close    volume
0     0050  2015-01-05  ...   13.780905  25182448
1     2330  2015-01-05  ...  103.384003  32046000
2     0050  2015-01-06  ...   13.439230  78007304
3     2330  2015-01-06  ...   98.937378  66778000
4     0050  2015-01-07  ...   13.459937  27966168

[5 rows x 7 columns]
2025-08-10 15:36:19 | INFO     | Querying stock data from DB...
2025-08-10 15:36:19 | INFO     | Preview of df:
2025-08-10 15:36:19 | INFO     | 
  stock_id        date  ...       close    volume
0     0050  2015-01-05  ...   13.780905  25182448
1     2330  2015-01-05  ...  103.384003  32046000
2     0050  2015-01-06  ...   13.439230  78007304
3     2330  2015-01-06  ...   98.937378  66778000
4     0050  2015-01-07  ...   13.459937  27966168

[5 rows x 7 columns]
2025-08-10 15:37:23 | INFO     | Querying stock data from DB...
2025-08-10 15:37:23 | INFO     | Preview of df:
2025-08-10 15:37:23 | INFO     | 
  stock_id        date  ...       close    volume
0     0050  2015-01-05  ...   13.780905  25182448
1     2330  2015-01-05  ...  103.384003  32046000
2     0050  2015-01-06  ...   13.439230  78007304
3     2330  2015-01-06  ...   98.937378  66778000
4     0050  2015-01-07  ...   13.459937  27966168

[5 rows x 7 columns]
2025-08-10 15:38:04 | INFO     | Querying stock data from DB...
2025-08-10 15:38:04 | INFO     | Preview of df:
2025-08-10 15:38:04 | INFO     | 
  stock_id        date  ...       close    volume
0     0050  2015-01-05  ...   13.780905  25182448
1     2330  2015-01-05  ...  103.384003  32046000
2     0050  2015-01-06  ...   13.439230  78007304
3     2330  2015-01-06  ...   98.937378  66778000
4     0050  2015-01-07  ...   13.459937  27966168

[5 rows x 7 columns]
2025-08-10 15:48:32 | INFO     | Querying stock data from DB...
2025-08-10 15:48:32 | INFO     | Preview of df:
2025-08-10 15:48:32 | INFO     | 
  stock_id        date  ...       close    volume
0     0050  2015-01-05  ...   13.780905  25182448
1     2330  2015-01-05  ...  103.384003  32046000
2     0050  2015-01-06  ...   13.439230  78007304
3     2330  2015-01-06  ...   98.937378  66778000
4     0050  2015-01-07  ...   13.459937  27966168

[5 rows x 7 columns]
2025-08-10 15:49:27 | INFO     | Querying stock data from DB...
2025-08-10 15:49:27 | INFO     | Preview of df:
2025-08-10 15:49:27 | INFO     | 
  stock_id        date  ...       close    volume
0     0050  2015-01-05  ...   13.780905  25182448
1     2330  2015-01-05  ...  103.384003  32046000
2     0050  2015-01-06  ...   13.439230  78007304
3     2330  2015-01-06  ...   98.937378  66778000
4     0050  2015-01-07  ...   13.459937  27966168

[5 rows x 7 columns]
2025-08-10 15:50:09 | INFO     | Querying stock data from DB...
2025-08-10 15:50:09 | INFO     | Preview of df:
2025-08-10 15:50:09 | INFO     | 
  stock_id        date  ...       close    volume
0     0050  2015-01-05  ...   13.780905  25182448
1     2330  2015-01-05  ...  103.384003  32046000
2     0050  2015-01-06  ...   13.439230  78007304
3     2330  2015-01-06  ...   98.937378  66778000
4     0050  2015-01-07  ...   13.459937  27966168

[5 rows x 7 columns]
2025-08-10 15:51:42 | INFO     | Querying stock data from DB...
2025-08-10 15:51:42 | INFO     | Preview of df:
2025-08-10 15:51:42 | INFO     | 
  stock_id        date  ...       close    volume
0     0050  2015-01-05  ...   13.780905  25182448
1     2330  2015-01-05  ...  103.384003  32046000
2     0050  2015-01-06  ...   13.439230  78007304
3     2330  2015-01-06  ...   98.937378  66778000
4     0050  2015-01-07  ...   13.459937  27966168

[5 rows x 7 columns]
2025-08-10 15:51:55 | INFO     | Querying stock data from DB...
2025-08-10 15:51:55 | INFO     | Preview of df:
2025-08-10 15:51:55 | INFO     | 
  stock_id        date  ...       close    volume
0     0050  2015-01-05  ...   13.780905  25182448
1     2330  2015-01-05  ...  103.384003  32046000
2     0050  2015-01-06  ...   13.439230  78007304
3     2330  2015-01-06  ...   98.937378  66778000
4     0050  2015-01-07  ...   13.459937  27966168

[5 rows x 7 columns]
2025-08-10 15:51:59 | INFO     | Querying stock data from DB...
2025-08-10 15:51:59 | INFO     | Preview of df:
2025-08-10 15:51:59 | INFO     | 
  stock_id        date  ...       close    volume
0     0050  2015-01-05  ...   13.780905  25182448
1     2330  2015-01-05  ...  103.384003  32046000
2     0050  2015-01-06  ...   13.439230  78007304
3     2330  2015-01-06  ...   98.937378  66778000
4     0050  2015-01-07  ...   13.459937  27966168

[5 rows x 7 columns]
2025-08-10 15:54:15 | INFO     | Querying stock data from DB...
2025-08-10 15:54:15 | INFO     | Preview of df:
2025-08-10 15:54:15 | INFO     | 
  stock_id        date  ...       close    volume
0     0050  2015-01-05  ...   13.780905  25182448
1     2330  2015-01-05  ...  103.384003  32046000
2     0050  2015-01-06  ...   13.439230  78007304
3     2330  2015-01-06  ...   98.937378  66778000
4     0050  2015-01-07  ...   13.459937  27966168

[5 rows x 7 columns]
2025-08-10 15:55:33 | INFO     | Querying stock data from DB...
2025-08-10 15:55:33 | INFO     | Preview of df:
2025-08-10 15:55:33 | INFO     | 
  stock_id        date  ...       close    volume
0     0050  2015-01-05  ...   13.780905  25182448
1     2330  2015-01-05  ...  103.384003  32046000
2     0050  2015-01-06  ...   13.439230  78007304
3     2330  2015-01-06  ...   98.937378  66778000
4     0050  2015-01-07  ...   13.459937  27966168

[5 rows x 7 columns]
2025-08-10 15:56:06 | INFO     | Querying stock data from DB...
2025-08-10 15:56:06 | INFO     | Preview of df:
2025-08-10 15:56:06 | INFO     | 
  stock_id        date  ...       close    volume
0     0050  2015-01-05  ...   13.780905  25182448
1     2330  2015-01-05  ...  103.384003  32046000
2     0050  2015-01-06  ...   13.439230  78007304
3     2330  2015-01-06  ...   98.937378  66778000
4     0050  2015-01-07  ...   13.459937  27966168

[5 rows x 7 columns]
2025-08-10 15:57:09 | INFO     | Querying stock data from DB...
2025-08-10 15:57:09 | INFO     | Preview of df:
2025-08-10 15:57:09 | INFO     | 
  stock_id        date  ...       close    volume
0     0050  2015-01-05  ...   13.780905  25182448
1     2330  2015-01-05  ...  103.384003  32046000
2     0050  2015-01-06  ...   13.439230  78007304
3     2330  2015-01-06  ...   98.937378  66778000
4     0050  2015-01-07  ...   13.459937  27966168

[5 rows x 7 columns]
2025-08-10 15:57:35 | INFO     | Querying stock data from DB...
2025-08-10 15:57:35 | INFO     | Preview of df:
2025-08-10 15:57:35 | INFO     | 
  stock_id        date  ...       close    volume
0     0050  2015-01-05  ...   13.780905  25182448
1     2330  2015-01-05  ...  103.384003  32046000
2     0050  2015-01-06  ...   13.439230  78007304
3     2330  2015-01-06  ...   98.937378  66778000
4     0050  2015-01-07  ...   13.459937  27966168

[5 rows x 7 columns]
2025-08-10 15:57:54 | INFO     | Querying stock data from DB...
2025-08-10 15:57:54 | INFO     | Preview of df:
2025-08-10 15:57:54 | INFO     | 
  stock_id        date  ...       close    volume
0     0050  2015-01-05  ...   13.780905  25182448
1     2330  2015-01-05  ...  103.384003  32046000
2     0050  2015-01-06  ...   13.439230  78007304
3     2330  2015-01-06  ...   98.937378  66778000
4     0050  2015-01-07  ...   13.459937  27966168

[5 rows x 7 columns]
2025-08-10 15:58:17 | INFO     | Querying stock data from DB...
2025-08-10 15:58:17 | INFO     | Preview of df:
2025-08-10 15:58:17 | INFO     | 
  stock_id        date  ...       close    volume
0     0050  2015-01-05  ...   13.780905  25182448
1     2330  2015-01-05  ...  103.384003  32046000
2     0050  2015-01-06  ...   13.439230  78007304
3     2330  2015-01-06  ...   98.937378  66778000
4     0050  2015-01-07  ...   13.459937  27966168

[5 rows x 7 columns]
2025-08-10 15:58:41 | INFO     | Querying stock data from DB...
2025-08-10 15:58:41 | INFO     | Preview of df:
2025-08-10 15:58:41 | INFO     | 
  stock_id        date  ...       close    volume
0     0050  2015-01-05  ...   13.780905  25182448
1     2330  2015-01-05  ...  103.384003  32046000
2     0050  2015-01-06  ...   13.439230  78007304
3     2330  2015-01-06  ...   98.937378  66778000
4     0050  2015-01-07  ...   13.459937  27966168

[5 rows x 7 columns]
2025-08-10 15:58:47 | INFO     | Querying stock data from DB...
2025-08-10 15:58:47 | INFO     | Preview of df:
2025-08-10 15:58:47 | INFO     | 
  stock_id        date  ...       close    volume
0     0050  2015-01-05  ...   13.780905  25182448
1     2330  2015-01-05  ...  103.384003  32046000
2     0050  2015-01-06  ...   13.439230  78007304
3     2330  2015-01-06  ...   98.937378  66778000
4     0050  2015-01-07  ...   13.459937  27966168

[5 rows x 7 columns]
2025-08-10 15:58:57 | INFO     | Querying stock data from DB...
2025-08-10 15:58:57 | INFO     | Preview of df:
2025-08-10 15:58:57 | INFO     | 
  stock_id        date  ...       close    volume
0     0050  2015-01-05  ...   13.780905  25182448
1     2330  2015-01-05  ...  103.384003  32046000
2     0050  2015-01-06  ...   13.439230  78007304
3     2330  2015-01-06  ...   98.937378  66778000
4     0050  2015-01-07  ...   13.459937  27966168

[5 rows x 7 columns]
2025-08-10 15:59:02 | INFO     | Querying stock data from DB...
2025-08-10 15:59:02 | INFO     | Preview of df:
2025-08-10 15:59:02 | INFO     | 
  stock_id        date  ...       close    volume
0     0050  2015-01-05  ...   13.780905  25182448
1     2330  2015-01-05  ...  103.384003  32046000
2     0050  2015-01-06  ...   13.439230  78007304
3     2330  2015-01-06  ...   98.937378  66778000
4     0050  2015-01-07  ...   13.459937  27966168

[5 rows x 7 columns]
2025-08-10 16:02:00 | INFO     | Querying stock data from DB...
2025-08-10 16:02:00 | INFO     | Preview of df:
2025-08-10 16:02:00 | INFO     | 
  stock_id        date  ...       close    volume
0     0050  2015-01-05  ...   13.780905  25182448
1     2330  2015-01-05  ...  103.384003  32046000
2     0050  2015-01-06  ...   13.439230  78007304
3     2330  2015-01-06  ...   98.937378  66778000
4     0050  2015-01-07  ...   13.459937  27966168

[5 rows x 7 columns]
2025-08-10 16:02:51 | INFO     | Querying stock data from DB...
2025-08-10 16:02:51 | INFO     | Preview of df:
2025-08-10 16:02:51 | INFO     | 
  stock_id        date  ...       close    volume
0     0050  2015-01-05  ...   13.780905  25182448
1     2330  2015-01-05  ...  103.384003  32046000
2     0050  2015-01-06  ...   13.439230  78007304
3     2330  2015-01-06  ...   98.937378  66778000
4     0050  2015-01-07  ...   13.459937  27966168

[5 rows x 7 columns]
2025-08-16 09:23:16 | INFO     | Querying stock data from DB...
2025-08-16 09:23:16 | INFO     | Preview of df:
2025-08-16 09:23:16 | INFO     | 
  stock_id        date        open        high         low       close    volume
0     0050  2015-01-05   13.749843   13.822319   13.667012   13.780905  25182448
1     2330  2015-01-05  104.125107  104.125107  101.901795  103.384003  32046000
2     0050  2015-01-06   13.615244   13.615244   13.408168   13.439230  78007304
3     2330  2015-01-06  101.901794  101.901794   98.566826   98.937378  66778000
4     0050  2015-01-07   13.397814   13.511706   13.397814   13.459937  27966168
2025-08-16 09:23:23 | INFO     | Querying stock data from DB...
2025-08-16 09:23:23 | INFO     | Preview of df:
2025-08-16 09:23:23 | INFO     | 
  stock_id        date        open        high         low       close    volume
0     0050  2015-01-05   13.749843   13.822319   13.667012   13.780905  25182448
1     2330  2015-01-05  104.125107  104.125107  101.901795  103.384003  32046000
2     0050  2015-01-06   13.615244   13.615244   13.408168   13.439230  78007304
3     2330  2015-01-06  101.901794  101.901794   98.566826   98.937378  66778000
4     0050  2015-01-07   13.397814   13.511706   13.397814   13.459937  27966168
2025-08-16 09:23:33 | INFO     | Querying stock data from DB...
2025-08-16 09:23:33 | INFO     | Preview of df:
2025-08-16 09:23:33 | INFO     | 
  stock_id        date        open        high         low       close    volume
0     0050  2015-01-05   13.749843   13.822319   13.667012   13.780905  25182448
1     2330  2015-01-05  104.125107  104.125107  101.901795  103.384003  32046000
2     0050  2015-01-06   13.615244   13.615244   13.408168   13.439230  78007304
3     2330  2015-01-06  101.901794  101.901794   98.566826   98.937378  66778000
4     0050  2015-01-07   13.397814   13.511706   13.397814   13.459937  27966168
2025-08-16 09:23:36 | INFO     | Querying stock data from DB...
2025-08-16 09:23:36 | INFO     | Preview of df:
2025-08-16 09:23:36 | INFO     | 
  stock_id        date        open        high         low       close    volume
0     0050  2015-01-05   13.749843   13.822319   13.667012   13.780905  25182448
1     2330  2015-01-05  104.125107  104.125107  101.901795  103.384003  32046000
2     0050  2015-01-06   13.615244   13.615244   13.408168   13.439230  78007304
3     2330  2015-01-06  101.901794  101.901794   98.566826   98.937378  66778000
4     0050  2015-01-07   13.397814   13.511706   13.397814   13.459937  27966168
2025-08-16 09:25:56 | INFO     | Querying stock data from DB...
2025-08-16 09:25:56 | INFO     | Preview of df:
2025-08-16 09:25:56 | INFO     | 
  stock_id        date        open        high         low       close    volume
0     0050  2015-01-05   13.749843   13.822319   13.667012   13.780905  25182448
1     2330  2015-01-05  104.125107  104.125107  101.901795  103.384003  32046000
2     0050  2015-01-06   13.615244   13.615244   13.408168   13.439230  78007304
3     2330  2015-01-06  101.901794  101.901794   98.566826   98.937378  66778000
4     0050  2015-01-07   13.397814   13.511706   13.397814   13.459937  27966168
2025-08-16 09:26:01 | INFO     | Querying stock data from DB...
2025-08-16 09:26:01 | INFO     | Preview of df:
2025-08-16 09:26:01 | INFO     | 
  stock_id        date        open        high         low       close    volume
0     0050  2015-01-05   13.749843   13.822319   13.667012   13.780905  25182448
1     2330  2015-01-05  104.125107  104.125107  101.901795  103.384003  32046000
2     0050  2015-01-06   13.615244   13.615244   13.408168   13.439230  78007304
3     2330  2015-01-06  101.901794  101.901794   98.566826   98.937378  66778000
4     0050  2015-01-07   13.397814   13.511706   13.397814   13.459937  27966168
2025-08-16 09:26:08 | INFO     | Querying stock data from DB...
2025-08-16 09:26:08 | INFO     | Preview of df:
2025-08-16 09:26:08 | INFO     | 
  stock_id        date        open        high         low       close    volume
0     0050  2015-01-05   13.749843   13.822319   13.667012   13.780905  25182448
1     2330  2015-01-05  104.125107  104.125107  101.901795  103.384003  32046000
2     0050  2015-01-06   13.615244   13.615244   13.408168   13.439230  78007304
3     2330  2015-01-06  101.901794  101.901794   98.566826   98.937378  66778000
4     0050  2015-01-07   13.397814   13.511706   13.397814   13.459937  27966168
2025-08-16 09:26:19 | INFO     | Querying stock data from DB...
2025-08-16 09:26:19 | INFO     | Preview of df:
2025-08-16 09:26:19 | INFO     | 
  stock_id        date        open        high         low       close    volume
0     0050  2015-01-05   13.749843   13.822319   13.667012   13.780905  25182448
1     2330  2015-01-05  104.125107  104.125107  101.901795  103.384003  32046000
2     0050  2015-01-06   13.615244   13.615244   13.408168   13.439230  78007304
3     2330  2015-01-06  101.901794  101.901794   98.566826   98.937378  66778000
4     0050  2015-01-07   13.397814   13.511706   13.397814   13.459937  27966168
2025-08-16 09:26:40 | INFO     | Querying stock data from DB...
2025-08-16 09:26:40 | INFO     | Preview of df:
2025-08-16 09:26:40 | INFO     | 
  stock_id        date        open        high         low       close    volume
0     0050  2015-01-05   13.749843   13.822319   13.667012   13.780905  25182448
1     2330  2015-01-05  104.125107  104.125107  101.901795  103.384003  32046000
2     0050  2015-01-06   13.615244   13.615244   13.408168   13.439230  78007304
3     2330  2015-01-06  101.901794  101.901794   98.566826   98.937378  66778000
4     0050  2015-01-07   13.397814   13.511706   13.397814   13.459937  27966168
2025-08-16 09:57:22 | INFO     | Querying stock data from DB...
2025-08-16 09:57:22 | INFO     | Preview of df:
2025-08-16 09:57:22 | INFO     | 
  stock_id        date        open        high         low       close    volume
0     0050  2015-01-05   13.749843   13.822319   13.667012   13.780905  25182448
1     2330  2015-01-05  104.125107  104.125107  101.901795  103.384003  32046000
2     0050  2015-01-06   13.615244   13.615244   13.408168   13.439230  78007304
3     2330  2015-01-06  101.901794  101.901794   98.566826   98.937378  66778000
4     0050  2015-01-07   13.397814   13.511706   13.397814   13.459937  27966168
2025-08-16 09:57:29 | INFO     | Querying stock data from DB...
2025-08-16 09:57:29 | INFO     | Preview of df:
2025-08-16 09:57:29 | INFO     | 
  stock_id        date        open        high         low       close    volume
0     0050  2015-01-05   13.749843   13.822319   13.667012   13.780905  25182448
1     2330  2015-01-05  104.125107  104.125107  101.901795  103.384003  32046000
2     0050  2015-01-06   13.615244   13.615244   13.408168   13.439230  78007304
3     2330  2015-01-06  101.901794  101.901794   98.566826   98.937378  66778000
4     0050  2015-01-07   13.397814   13.511706   13.397814   13.459937  27966168
2025-08-16 10:02:02 | INFO     | Querying stock data from DB...
2025-08-16 10:02:02 | INFO     | Preview of df:
2025-08-16 10:02:02 | INFO     | 
  stock_id        date  ...       close    volume
0     0050  2015-01-05  ...   13.780905  25182448
1     2330  2015-01-05  ...  103.384003  32046000
2     0050  2015-01-06  ...   13.439230  78007304
3     2330  2015-01-06  ...   98.937378  66778000
4     0050  2015-01-07  ...   13.459937  27966168

[5 rows x 7 columns]
2025-08-16 10:03:31 | INFO     | Querying stock data from DB...
2025-08-16 10:03:31 | INFO     | Preview of df:
2025-08-16 10:03:31 | INFO     | 
  stock_id        date  ...       close    volume
0     0050  2015-01-05  ...   13.780905  25182448
1     2330  2015-01-05  ...  103.384003  32046000
2     0050  2015-01-06  ...   13.439230  78007304
3     2330  2015-01-06  ...   98.937378  66778000
4     0050  2015-01-07  ...   13.459937  27966168

[5 rows x 7 columns]
2025-08-16 10:03:44 | INFO     | Querying stock data from DB...
2025-08-16 10:03:44 | INFO     | Preview of df:
2025-08-16 10:03:44 | INFO     | 
  stock_id        date  ...       close    volume
0     0050  2015-01-05  ...   13.780905  25182448
1     2330  2015-01-05  ...  103.384003  32046000
2     0050  2015-01-06  ...   13.439230  78007304
3     2330  2015-01-06  ...   98.937378  66778000
4     0050  2015-01-07  ...   13.459937  27966168

[5 rows x 7 columns]
2025-08-16 10:05:10 | INFO     | Querying stock data from DB...
2025-08-16 10:05:10 | INFO     | Preview of df:
2025-08-16 10:05:10 | INFO     | 
  stock_id        date  ...       close    volume
0     0050  2015-01-05  ...   13.780905  25182448
1     2330  2015-01-05  ...  103.384003  32046000
2     0050  2015-01-06  ...   13.439230  78007304
3     2330  2015-01-06  ...   98.937378  66778000
4     0050  2015-01-07  ...   13.459937  27966168

[5 rows x 7 columns]
2025-08-16 10:05:26 | INFO     | Querying stock data from DB...
2025-08-16 10:05:26 | INFO     | Preview of df:
2025-08-16 10:05:26 | INFO     | 
  stock_id        date  ...       close    volume
0     0050  2015-01-05  ...   13.780905  25182448
1     2330  2015-01-05  ...  103.384003  32046000
2     0050  2015-01-06  ...   13.439230  78007304
3     2330  2015-01-06  ...   98.937378  66778000
4     0050  2015-01-07  ...   13.459937  27966168

[5 rows x 7 columns]
2025-08-16 10:07:49 | INFO     | Querying stock data from DB...
2025-08-16 10:07:49 | INFO     | Preview of df:
2025-08-16 10:07:49 | INFO     | 
  stock_id        date        open        high         low       close    volume
0     0050  2015-01-05   13.749843   13.822319   13.667012   13.780905  25182448
1     2330  2015-01-05  104.125107  104.125107  101.901795  103.384003  32046000
2     0050  2015-01-06   13.615244   13.615244   13.408168   13.439230  78007304
3     2330  2015-01-06  101.901794  101.901794   98.566826   98.937378  66778000
4     0050  2015-01-07   13.397814   13.511706   13.397814   13.459937  27966168
2025-08-16 10:16:41 | INFO     | Querying stock data from DB...
2025-08-16 10:16:41 | INFO     | Preview of df:
2025-08-16 10:16:41 | INFO     | 
  stock_id        date        open        high         low       close    volume
0     0050  2015-01-05   13.749843   13.822319   13.667012   13.780905  25182448
1     2330  2015-01-05  104.125107  104.125107  101.901795  103.384003  32046000
2     0050  2015-01-06   13.615244   13.615244   13.408168   13.439230  78007304
3     2330  2015-01-06  101.901794  101.901794   98.566826   98.937378  66778000
4     0050  2015-01-07   13.397814   13.511706   13.397814   13.459937  27966168
2025-08-16 10:16:48 | INFO     | Querying stock data from DB...
2025-08-16 10:16:48 | INFO     | Preview of df:
2025-08-16 10:16:48 | INFO     | 
  stock_id        date        open        high         low       close    volume
0     0050  2015-01-05   13.749843   13.822319   13.667012   13.780905  25182448
1     2330  2015-01-05  104.125107  104.125107  101.901795  103.384003  32046000
2     0050  2015-01-06   13.615244   13.615244   13.408168   13.439230  78007304
3     2330  2015-01-06  101.901794  101.901794   98.566826   98.937378  66778000
4     0050  2015-01-07   13.397814   13.511706   13.397814   13.459937  27966168
2025-08-16 10:29:24 | INFO     | Querying stock data from DB...
2025-08-16 10:29:24 | INFO     | Preview of df:
2025-08-16 10:29:24 | INFO     | 
  stock_id        date        open        high         low       close    volume
0     0050  2015-01-05   13.749843   13.822319   13.667012   13.780905  25182448
1     2330  2015-01-05  104.125107  104.125107  101.901795  103.384003  32046000
2     0050  2015-01-06   13.615244   13.615244   13.408168   13.439230  78007304
3     2330  2015-01-06  101.901794  101.901794   98.566826   98.937378  66778000
4     0050  2015-01-07   13.397814   13.511706   13.397814   13.459937  27966168
2025-08-16 10:29:34 | INFO     | Querying stock data from DB...
2025-08-16 10:29:34 | INFO     | Preview of df:
2025-08-16 10:29:34 | INFO     | 
  stock_id        date        open        high         low       close    volume
0     0050  2015-01-05   13.749843   13.822319   13.667012   13.780905  25182448
1     2330  2015-01-05  104.125107  104.125107  101.901795  103.384003  32046000
2     0050  2015-01-06   13.615244   13.615244   13.408168   13.439230  78007304
3     2330  2015-01-06  101.901794  101.901794   98.566826   98.937378  66778000
4     0050  2015-01-07   13.397814   13.511706   13.397814   13.459937  27966168
2025-08-16 10:29:44 | INFO     | Querying stock data from DB...
2025-08-16 10:29:44 | INFO     | Preview of df:
2025-08-16 10:29:44 | INFO     | 
  stock_id        date        open        high         low       close    volume
0     0050  2015-01-05   13.749843   13.822319   13.667012   13.780905  25182448
1     2330  2015-01-05  104.125107  104.125107  101.901795  103.384003  32046000
2     0050  2015-01-06   13.615244   13.615244   13.408168   13.439230  78007304
3     2330  2015-01-06  101.901794  101.901794   98.566826   98.937378  66778000
4     0050  2015-01-07   13.397814   13.511706   13.397814   13.459937  27966168
2025-08-16 12:58:20 | INFO     | Querying stock data from DB...
2025-08-16 12:58:20 | INFO     | Preview of df:
2025-08-16 12:58:20 | INFO     | 
Empty DataFrame
Columns: [stock_id, date, open, high, low, close, volume]
Index: []
2025-08-16 12:58:27 | INFO     | Querying stock data from DB...
2025-08-16 12:58:27 | INFO     | Preview of df:
2025-08-16 12:58:27 | INFO     | 
Empty DataFrame
Columns: [stock_id, date, open, high, low, close, volume]
Index: []
2025-08-16 12:58:30 | INFO     | Querying stock data from DB...
2025-08-16 12:58:30 | INFO     | Preview of df:
2025-08-16 12:58:30 | INFO     | 
Empty DataFrame
Columns: [stock_id, date, open, high, low, close, volume]
Index: []
2025-08-16 13:00:42 | INFO     | Querying stock data from DB...
2025-08-16 13:00:42 | INFO     | Preview of df:
2025-08-16 13:00:42 | INFO     | 
Empty DataFrame
Columns: [stock_id, date, open, high, low, close, volume]
Index: []

[0 rows x 7 columns]
2025-08-16 13:00:43 | INFO     | Querying stock data from DB...
2025-08-16 13:00:43 | INFO     | Preview of df:
2025-08-16 13:00:43 | INFO     | 
Empty DataFrame
Columns: [stock_id, date, open, high, low, close, volume]
Index: []

[0 rows x 7 columns]
2025-08-16 13:00:45 | INFO     | Querying stock data from DB...
2025-08-16 13:00:45 | INFO     | Preview of df:
2025-08-16 13:00:45 | INFO     | 
Empty DataFrame
Columns: [stock_id, date, open, high, low, close, volume]
Index: []

[0 rows x 7 columns]
2025-08-16 13:03:05 | INFO     | Querying stock data from DB...
2025-08-16 13:03:05 | INFO     | Preview of df:
2025-08-16 13:03:05 | INFO     | 
Empty DataFrame
Columns: [stock_id, date, open, high, low, close, volume]
Index: []

[0 rows x 7 columns]
2025-08-16 13:03:13 | INFO     | Querying stock data from DB...
2025-08-16 13:03:13 | INFO     | Preview of df:
2025-08-16 13:03:13 | INFO     | 
Empty DataFrame
Columns: [stock_id, date, open, high, low, close, volume]
Index: []

[0 rows x 7 columns]
2025-08-16 13:03:17 | INFO     | Querying stock data from DB...
2025-08-16 13:03:17 | INFO     | Preview of df:
2025-08-16 13:03:17 | INFO     | 
Empty DataFrame
Columns: [stock_id, date, open, high, low, close, volume]
Index: []

[0 rows x 7 columns]
2025-08-16 13:07:40 | INFO     | Querying stock data from DB...
2025-08-16 13:07:40 | INFO     | Preview of df:
2025-08-16 13:07:40 | INFO     | 
Empty DataFrame
Columns: [stock_id, date, open, high, low, close, volume]
Index: []

[0 rows x 7 columns]
2025-08-16 13:07:47 | INFO     | Querying stock data from DB...
2025-08-16 13:07:47 | INFO     | Preview of df:
2025-08-16 13:07:47 | INFO     | 
Empty DataFrame
Columns: [stock_id, date, open, high, low, close, volume]
Index: []

[0 rows x 7 columns]
2025-08-16 13:07:49 | INFO     | Querying stock data from DB...
2025-08-16 13:07:49 | INFO     | Preview of df:
2025-08-16 13:07:49 | INFO     | 
Empty DataFrame
Columns: [stock_id, date, open, high, low, close, volume]
Index: []

[0 rows x 7 columns]
2025-08-16 13:07:52 | INFO     | Querying stock data from DB...
2025-08-16 13:07:52 | INFO     | Preview of df:
2025-08-16 13:07:52 | INFO     | 
Empty DataFrame
Columns: [stock_id, date, open, high, low, close, volume]
Index: []

[0 rows x 7 columns]
2025-08-16 13:07:59 | INFO     | Querying stock data from DB...
2025-08-16 13:07:59 | INFO     | Preview of df:
2025-08-16 13:07:59 | INFO     | 
Empty DataFrame
Columns: [stock_id, date, open, high, low, close, volume]
Index: []

[0 rows x 7 columns]
2025-08-16 13:08:00 | INFO     | Querying stock data from DB...
2025-08-16 13:08:00 | INFO     | Preview of df:
2025-08-16 13:08:00 | INFO     | 
Empty DataFrame
Columns: [stock_id, date, open, high, low, close, volume]
Index: []

[0 rows x 7 columns]
2025-08-16 13:22:29 | INFO     | Querying stock data from DB...
2025-08-16 13:22:29 | INFO     | Preview of df:
2025-08-16 13:22:29 | INFO     | 
  stock_id        date        open        high         low       close    volume
0     0050  2015-01-05   13.749843   13.822319   13.667012   13.780905  25182448
1     2330  2015-01-05  104.125107  104.125107  101.901795  103.384003  32046000
2     0050  2015-01-06   13.615244   13.615244   13.408168   13.439230  78007304
3     2330  2015-01-06  101.901794  101.901794   98.566826   98.937378  66778000
4     0050  2015-01-07   13.397814   13.511706   13.397814   13.459937  27966168
2025-08-16 13:22:40 | INFO     | Querying stock data from DB...
2025-08-16 13:22:40 | INFO     | Preview of df:
2025-08-16 13:22:40 | INFO     | 
  stock_id        date        open        high         low       close    volume
0     0050  2015-01-05   13.749843   13.822319   13.667012   13.780905  25182448
1     2330  2015-01-05  104.125107  104.125107  101.901795  103.384003  32046000
2     0050  2015-01-06   13.615244   13.615244   13.408168   13.439230  78007304
3     2330  2015-01-06  101.901794  101.901794   98.566826   98.937378  66778000
4     0050  2015-01-07   13.397814   13.511706   13.397814   13.459937  27966168
2025-08-16 13:22:51 | INFO     | Querying stock data from DB...
2025-08-16 13:22:51 | INFO     | Preview of df:
2025-08-16 13:22:51 | INFO     | 
  stock_id        date        open        high         low       close    volume
0     0050  2015-01-05   13.749843   13.822319   13.667012   13.780905  25182448
1     2330  2015-01-05  104.125107  104.125107  101.901795  103.384003  32046000
2     0050  2015-01-06   13.615244   13.615244   13.408168   13.439230  78007304
3     2330  2015-01-06  101.901794  101.901794   98.566826   98.937378  66778000
4     0050  2015-01-07   13.397814   13.511706   13.397814   13.459937  27966168
2025-08-16 13:23:03 | INFO     | Querying stock data from DB...
2025-08-16 13:23:03 | INFO     | Preview of df:
2025-08-16 13:23:03 | INFO     | 
  stock_id        date        open        high         low       close    volume
0     0050  2015-01-05   13.749843   13.822319   13.667012   13.780905  25182448
1     2330  2015-01-05  104.125107  104.125107  101.901795  103.384003  32046000
2     0050  2015-01-06   13.615244   13.615244   13.408168   13.439230  78007304
3     2330  2015-01-06  101.901794  101.901794   98.566826   98.937378  66778000
4     0050  2015-01-07   13.397814   13.511706   13.397814   13.459937  27966168
2025-08-16 13:23:12 | INFO     | Querying stock data from DB...
2025-08-16 13:23:12 | INFO     | Preview of df:
2025-08-16 13:23:12 | INFO     | 
  stock_id        date        open        high         low       close    volume
0     0050  2015-01-05   13.749843   13.822319   13.667012   13.780905  25182448
1     2330  2015-01-05  104.125107  104.125107  101.901795  103.384003  32046000
2     0050  2015-01-06   13.615244   13.615244   13.408168   13.439230  78007304
3     2330  2015-01-06  101.901794  101.901794   98.566826   98.937378  66778000
4     0050  2015-01-07   13.397814   13.511706   13.397814   13.459937  27966168
2025-08-16 13:23:18 | INFO     | Querying stock data from DB...
2025-08-16 13:23:18 | INFO     | Preview of df:
2025-08-16 13:23:18 | INFO     | 
  stock_id        date        open        high         low       close    volume
0     0050  2015-01-05   13.749843   13.822319   13.667012   13.780905  25182448
1     2330  2015-01-05  104.125107  104.125107  101.901795  103.384003  32046000
2     0050  2015-01-06   13.615244   13.615244   13.408168   13.439230  78007304
3     2330  2015-01-06  101.901794  101.901794   98.566826   98.937378  66778000
4     0050  2015-01-07   13.397814   13.511706   13.397814   13.459937  27966168
2025-08-16 13:23:24 | INFO     | Querying stock data from DB...
2025-08-16 13:23:24 | INFO     | Preview of df:
2025-08-16 13:23:24 | INFO     | 
  stock_id        date        open        high         low       close    volume
0     0050  2015-01-05   13.749843   13.822319   13.667012   13.780905  25182448
1     2330  2015-01-05  104.125107  104.125107  101.901795  103.384003  32046000
2     0050  2015-01-06   13.615244   13.615244   13.408168   13.439230  78007304
3     2330  2015-01-06  101.901794  101.901794   98.566826   98.937378  66778000
4     0050  2015-01-07   13.397814   13.511706   13.397814   13.459937  27966168
2025-08-16 13:23:37 | INFO     | Querying stock data from DB...
2025-08-16 13:23:37 | INFO     | Preview of df:
2025-08-16 13:23:37 | INFO     | 
  stock_id        date       open       high        low      close    volume
0     0050  2015-01-05  13.749843  13.822319  13.667012  13.780905  25182448
1     0050  2015-01-06  13.615244  13.615244  13.408168  13.439230  78007304
2     0050  2015-01-07  13.397814  13.511706  13.397814  13.459937  27966168
3     0050  2015-01-08  13.563475  13.791258  13.563475  13.770551  52614100
4     0050  2015-01-09  13.853382  13.863735  13.677368  13.698075  23567924
2025-08-16 13:23:46 | INFO     | Querying stock data from DB...
2025-08-16 13:23:46 | INFO     | Preview of df:
2025-08-16 13:23:46 | INFO     | 
  stock_id        date        open        high         low       close    volume
0     0050  2015-01-05   13.749843   13.822319   13.667012   13.780905  25182448
1     2330  2015-01-05  104.125107  104.125107  101.901795  103.384003  32046000
2     0050  2015-01-06   13.615244   13.615244   13.408168   13.439230  78007304
3     2330  2015-01-06  101.901794  101.901794   98.566826   98.937378  66778000
4     0050  2015-01-07   13.397814   13.511706   13.397814   13.459937  27966168
2025-08-16 13:28:12 | INFO     | Querying stock data from DB...
2025-08-16 13:28:12 | INFO     | Preview of df:
2025-08-16 13:28:12 | INFO     | 
  stock_id  ...    volume
0     0050  ...  25182448
1     2330  ...  32046000
2     0050  ...  78007304
3     2330  ...  66778000
4     0050  ...  27966168

[5 rows x 7 columns]
2025-08-16 13:28:51 | INFO     | Querying stock data from DB...
2025-08-16 13:28:51 | INFO     | Preview of df:
2025-08-16 13:28:51 | INFO     | 
  stock_id  ...    volume
0     0050  ...  25182448
1     2330  ...  32046000
2     0050  ...  78007304
3     2330  ...  66778000
4     0050  ...  27966168

[5 rows x 7 columns]
2025-08-16 13:29:08 | INFO     | Querying stock data from DB...
2025-08-16 13:29:08 | INFO     | Preview of df:
2025-08-16 13:29:08 | INFO     | 
  stock_id  ...    volume
0     0050  ...  25182448
1     2330  ...  32046000
2     0050  ...  78007304
3     2330  ...  66778000
4     0050  ...  27966168

[5 rows x 7 columns]
2025-08-16 13:29:30 | INFO     | Querying stock data from DB...
2025-08-16 13:29:30 | INFO     | Preview of df:
2025-08-16 13:29:30 | INFO     | 
  stock_id  ...    volume
0     0050  ...  25182448
1     2330  ...  32046000
2     0050  ...  78007304
3     2330  ...  66778000
4     0050  ...  27966168

[5 rows x 7 columns]
2025-08-16 13:29:37 | INFO     | Querying stock data from DB...
2025-08-16 13:29:37 | INFO     | Preview of df:
2025-08-16 13:29:37 | INFO     | 
  stock_id  ...    volume
0     0050  ...  25182448
1     2330  ...  32046000
2     0050  ...  78007304
3     2330  ...  66778000
4     0050  ...  27966168

[5 rows x 7 columns]
2025-08-16 13:37:42 | INFO     | Querying stock data from DB...
2025-08-16 13:37:42 | INFO     | Preview of df:
2025-08-16 13:37:42 | INFO     | 
  stock_id        date  ...       close    volume
0     0050  2015-01-05  ...   13.780905  25182448
1     2330  2015-01-05  ...  103.384003  32046000
2     0050  2015-01-06  ...   13.439230  78007304
3     2330  2015-01-06  ...   98.937378  66778000
4     0050  2015-01-07  ...   13.459937  27966168

[5 rows x 7 columns]
2025-08-16 13:39:16 | INFO     | Querying stock data from DB...
2025-08-16 13:39:16 | INFO     | Preview of df:
2025-08-16 13:39:16 | INFO     | 
  stock_id  ...    volume
0     0050  ...  25182448
1     2330  ...  32046000
2     0050  ...  78007304
3     2330  ...  66778000
4     0050  ...  27966168

[5 rows x 7 columns]
2025-08-16 13:39:22 | INFO     | Querying stock data from DB...
2025-08-16 13:39:22 | INFO     | Preview of df:
2025-08-16 13:39:22 | INFO     | 
  stock_id  ...    volume
0     0050  ...  25182448
1     2330  ...  32046000
2     0050  ...  78007304
3     2330  ...  66778000
4     0050  ...  27966168

[5 rows x 7 columns]
2025-08-16 13:39:22 | INFO     | Querying stock data from DB...
2025-08-16 13:39:22 | INFO     | Preview of df:
2025-08-16 13:39:22 | INFO     | 
  stock_id  ...    volume
0     0050  ...  25182448
1     2330  ...  32046000
2     0050  ...  78007304
3     2330  ...  66778000
4     0050  ...  27966168

[5 rows x 7 columns]
2025-08-16 13:39:24 | INFO     | Querying stock data from DB...
2025-08-16 13:39:24 | INFO     | Preview of df:
2025-08-16 13:39:24 | INFO     | 
  stock_id  ...    volume
0     0050  ...  25182448
1     2330  ...  32046000
2     0050  ...  78007304
3     2330  ...  66778000
4     0050  ...  27966168

[5 rows x 7 columns]
2025-08-16 13:39:26 | INFO     | Querying stock data from DB...
2025-08-16 13:39:26 | INFO     | Preview of df:
2025-08-16 13:39:26 | INFO     | 
  stock_id  ...    volume
0     0050  ...  25182448
1     2330  ...  32046000
2     0050  ...  78007304
3     2330  ...  66778000
4     0050  ...  27966168

[5 rows x 7 columns]
2025-08-16 13:39:28 | INFO     | Querying stock data from DB...
2025-08-16 13:39:28 | INFO     | Preview of df:
2025-08-16 13:39:28 | INFO     | 
  stock_id  ...    volume
0     0050  ...  25182448
1     0050  ...  78007304
2     0050  ...  27966168
3     0050  ...  52614100
4     0050  ...  23567924

[5 rows x 7 columns]
2025-08-16 13:39:29 | INFO     | Querying stock data from DB...
2025-08-16 13:39:29 | INFO     | Preview of df:
2025-08-16 13:39:29 | INFO     | 
  stock_id  ...    volume
0     0050  ...  25182448
1     2330  ...  32046000
2     0050  ...  78007304
3     2330  ...  66778000
4     0050  ...  27966168

[5 rows x 7 columns]
2025-08-16 13:39:31 | INFO     | Querying stock data from DB...
2025-08-16 13:39:31 | INFO     | Preview of df:
2025-08-16 13:39:31 | INFO     | 
  stock_id  ...    volume
0     2330  ...  32046000
1     2330  ...  66778000
2     2330  ...  43703000
3     2330  ...  42491000
4     2330  ...  61558000

[5 rows x 7 columns]
2025-08-16 13:39:33 | INFO     | Querying stock data from DB...
2025-08-16 13:39:33 | INFO     | Preview of df:
2025-08-16 13:39:33 | INFO     | 
  stock_id  ...    volume
0     0050  ...  25182448
1     2330  ...  32046000
2     0050  ...  78007304
3     2330  ...  66778000
4     0050  ...  27966168

[5 rows x 7 columns]
2025-08-16 13:39:36 | INFO     | Querying stock data from DB...
2025-08-16 13:39:36 | INFO     | Preview of df:
2025-08-16 13:39:36 | INFO     | 
  stock_id  ...    volume
0     0050  ...  25182448
1     2330  ...  32046000
2     0050  ...  78007304
3     2330  ...  66778000
4     0050  ...  27966168

[5 rows x 7 columns]
2025-08-16 13:39:38 | INFO     | Querying stock data from DB...
2025-08-16 13:39:38 | INFO     | Preview of df:
2025-08-16 13:39:38 | INFO     | 
  stock_id  ...    volume
0     0050  ...  25182448
1     2330  ...  32046000
2     0050  ...  78007304
3     2330  ...  66778000
4     0050  ...  27966168

[5 rows x 7 columns]
2025-08-16 13:44:19 | INFO     | Querying stock data from DB...
2025-08-16 13:44:19 | INFO     | Preview of df:
2025-08-16 13:44:19 | INFO     | 
  stock_id  ...    volume
0     0050  ...  25182448
1     2330  ...  32046000
2     0050  ...  78007304
3     2330  ...  66778000
4     0050  ...  27966168

[5 rows x 7 columns]
2025-08-16 13:44:21 | INFO     | Querying stock data from DB...
2025-08-16 13:44:21 | INFO     | Preview of df:
2025-08-16 13:44:21 | INFO     | 
  stock_id  ...    volume
0     2330  ...  32046000
1     2330  ...  66778000
2     2330  ...  43703000
3     2330  ...  42491000
4     2330  ...  61558000

[5 rows x 7 columns]
2025-08-16 13:44:23 | INFO     | Querying stock data from DB...
2025-08-16 13:44:23 | INFO     | Preview of df:
2025-08-16 13:44:23 | INFO     | 
  stock_id  ...    volume
0     2330  ...  32046000
1     2330  ...  66778000
2     2330  ...  43703000
3     2330  ...  42491000
4     2330  ...  61558000

[5 rows x 7 columns]
2025-08-16 13:44:23 | INFO     | Querying stock data from DB...
2025-08-16 13:44:23 | INFO     | Preview of df:
2025-08-16 13:44:23 | INFO     | 
  stock_id  ...    volume
0     0050  ...  25182448
1     2330  ...  32046000
2     0050  ...  78007304
3     2330  ...  66778000
4     0050  ...  27966168

[5 rows x 7 columns]
2025-08-16 13:47:32 | INFO     | Querying stock data from DB...
2025-08-16 13:47:32 | INFO     | Preview of df:
2025-08-16 13:47:32 | INFO     | 
  stock_id  ...    volume
0     0050  ...  25182448
1     2330  ...  32046000
2     0050  ...  78007304
3     2330  ...  66778000
4     0050  ...  27966168

[5 rows x 7 columns]
2025-08-16 13:47:34 | INFO     | Querying stock data from DB...
2025-08-16 13:47:34 | INFO     | Preview of df:
2025-08-16 13:47:34 | INFO     | 
  stock_id  ...    volume
0     2330  ...  32046000
1     2330  ...  66778000
2     2330  ...  43703000
3     2330  ...  42491000
4     2330  ...  61558000

[5 rows x 7 columns]
2025-08-16 13:47:35 | INFO     | Querying stock data from DB...
2025-08-16 13:47:35 | INFO     | Preview of df:
2025-08-16 13:47:35 | INFO     | 
  stock_id  ...    volume
0     0050  ...  25182448
1     2330  ...  32046000
2     0050  ...  78007304
3     2330  ...  66778000
4     0050  ...  27966168

[5 rows x 7 columns]
2025-08-16 13:47:35 | INFO     | Querying stock data from DB...
2025-08-16 13:47:35 | INFO     | Preview of df:
2025-08-16 13:47:35 | INFO     | 
  stock_id  ...    volume
0     0050  ...  25182448
1     0050  ...  78007304
2     0050  ...  27966168
3     0050  ...  52614100
4     0050  ...  23567924

[5 rows x 7 columns]
2025-08-16 13:47:35 | INFO     | Querying stock data from DB...
2025-08-16 13:47:35 | INFO     | Preview of df:
2025-08-16 13:47:35 | INFO     | 
  stock_id  ...    volume
0     0050  ...  25182448
1     2330  ...  32046000
2     0050  ...  78007304
3     2330  ...  66778000
4     0050  ...  27966168

[5 rows x 7 columns]
2025-08-16 13:47:37 | INFO     | Querying stock data from DB...
2025-08-16 13:47:37 | INFO     | Preview of df:
2025-08-16 13:47:37 | INFO     | 
  stock_id  ...    volume
0     0050  ...  25182448
1     2330  ...  32046000
2     0050  ...  78007304
3     2330  ...  66778000
4     0050  ...  27966168

[5 rows x 7 columns]
2025-08-16 13:47:39 | INFO     | Querying stock data from DB...
2025-08-16 13:47:39 | INFO     | Preview of df:
2025-08-16 13:47:39 | INFO     | 
  stock_id  ...    volume
0     0050  ...  25182448
1     2330  ...  32046000
2     0050  ...  78007304
3     2330  ...  66778000
4     0050  ...  27966168

[5 rows x 7 columns]
2025-08-16 13:47:39 | INFO     | Querying stock data from DB...
2025-08-16 13:47:39 | INFO     | Preview of df:
2025-08-16 13:47:39 | INFO     | 
  stock_id  ...    volume
0     2330  ...  32046000
1     2330  ...  66778000
2     2330  ...  43703000
3     2330  ...  42491000
4     2330  ...  61558000

[5 rows x 7 columns]
2025-08-16 13:47:40 | INFO     | Querying stock data from DB...
2025-08-16 13:47:40 | INFO     | Preview of df:
2025-08-16 13:47:40 | INFO     | 
  stock_id  ...    volume
0     0050  ...  25182448
1     2330  ...  32046000
2     0050  ...  78007304
3     2330  ...  66778000
4     0050  ...  27966168

[5 rows x 7 columns]
2025-08-16 13:50:49 | INFO     | Querying stock data from DB...
2025-08-16 13:50:49 | INFO     | Preview of df:
2025-08-16 13:50:49 | INFO     | 
  stock_id  ...    volume
0     0050  ...  25182448
1     2330  ...  32046000
2     0050  ...  78007304
3     2330  ...  66778000
4     0050  ...  27966168

[5 rows x 7 columns]
2025-08-16 13:50:50 | INFO     | Querying stock data from DB...
2025-08-16 13:50:50 | INFO     | Preview of df:
2025-08-16 13:50:50 | INFO     | 
  stock_id  ...    volume
0     2330  ...  32046000
1     2330  ...  66778000
2     2330  ...  43703000
3     2330  ...  42491000
4     2330  ...  61558000

[5 rows x 7 columns]
2025-08-16 13:50:51 | INFO     | Querying stock data from DB...
2025-08-16 13:50:51 | INFO     | Preview of df:
2025-08-16 13:50:51 | INFO     | 
  stock_id  ...    volume
0     0050  ...  25182448
1     2330  ...  32046000
2     0050  ...  78007304
3     2330  ...  66778000
4     0050  ...  27966168

[5 rows x 7 columns]
2025-08-16 13:50:51 | INFO     | Querying stock data from DB...
2025-08-16 13:50:51 | INFO     | Preview of df:
2025-08-16 13:50:51 | INFO     | 
  stock_id  ...    volume
0     0050  ...  25182448
1     0050  ...  78007304
2     0050  ...  27966168
3     0050  ...  52614100
4     0050  ...  23567924

[5 rows x 7 columns]
2025-08-16 13:50:52 | INFO     | Querying stock data from DB...
2025-08-16 13:50:52 | INFO     | Preview of df:
2025-08-16 13:50:52 | INFO     | 
  stock_id  ...    volume
0     0050  ...  25182448
1     2330  ...  32046000
2     0050  ...  78007304
3     2330  ...  66778000
4     0050  ...  27966168

[5 rows x 7 columns]
2025-08-16 13:53:24 | INFO     | Querying stock data from DB...
2025-08-16 13:53:24 | INFO     | Preview of df:
2025-08-16 13:53:24 | INFO     | 
  stock_id        date       open  ...        low      close    volume
0     0050  2015-01-05  13.749843  ...  13.667012  13.780905  25182448
1     0050  2015-01-06  13.615244  ...  13.408168  13.439230  78007304
2     0050  2015-01-07  13.397814  ...  13.397814  13.459937  27966168
3     0050  2015-01-08  13.563475  ...  13.563475  13.770551  52614100
4     0050  2015-01-09  13.853382  ...  13.677368  13.698075  23567924

[5 rows x 7 columns]
2025-08-16 13:53:24 | INFO     | Querying stock data from DB...
2025-08-16 13:53:24 | INFO     | Preview of df:
2025-08-16 13:53:24 | INFO     | 
  stock_id        date        open  ...         low       close    volume
0     0050  2015-01-05   13.749843  ...   13.667012   13.780905  25182448
1     2330  2015-01-05  104.125107  ...  101.901795  103.384003  32046000
2     0050  2015-01-06   13.615244  ...   13.408168   13.439230  78007304
3     2330  2015-01-06  101.901794  ...   98.566826   98.937378  66778000
4     0050  2015-01-07   13.397814  ...   13.397814   13.459937  27966168

[5 rows x 7 columns]
2025-08-16 13:53:26 | INFO     | Querying stock data from DB...
2025-08-16 13:53:26 | INFO     | Preview of df:
2025-08-16 13:53:26 | INFO     | 
  stock_id        date        open  ...         low       close    volume
0     0050  2015-01-05   13.749843  ...   13.667012   13.780905  25182448
1     2330  2015-01-05  104.125107  ...  101.901795  103.384003  32046000
2     0050  2015-01-06   13.615244  ...   13.408168   13.439230  78007304
3     2330  2015-01-06  101.901794  ...   98.566826   98.937378  66778000
4     0050  2015-01-07   13.397814  ...   13.397814   13.459937  27966168

[5 rows x 7 columns]
2025-08-16 13:54:00 | INFO     | Querying stock data from DB...
2025-08-16 13:54:00 | INFO     | Preview of df:
2025-08-16 13:54:00 | INFO     | 
  stock_id        date       open  ...        low      close    volume
0     0050  2015-01-05  13.749843  ...  13.667012  13.780905  25182448
1     0050  2015-01-06  13.615244  ...  13.408168  13.439230  78007304
2     0050  2015-01-07  13.397814  ...  13.397814  13.459937  27966168
3     0050  2015-01-08  13.563475  ...  13.563475  13.770551  52614100
4     0050  2015-01-09  13.853382  ...  13.677368  13.698075  23567924

[5 rows x 7 columns]
2025-08-16 13:54:01 | INFO     | Querying stock data from DB...
2025-08-16 13:54:01 | INFO     | Preview of df:
2025-08-16 13:54:01 | INFO     | 
  stock_id        date        open  ...         low       close    volume
0     0050  2015-01-05   13.749843  ...   13.667012   13.780905  25182448
1     2330  2015-01-05  104.125107  ...  101.901795  103.384003  32046000
2     0050  2015-01-06   13.615244  ...   13.408168   13.439230  78007304
3     2330  2015-01-06  101.901794  ...   98.566826   98.937378  66778000
4     0050  2015-01-07   13.397814  ...   13.397814   13.459937  27966168

[5 rows x 7 columns]
2025-08-16 13:54:44 | INFO     | Querying stock data from DB...
2025-08-16 13:54:44 | INFO     | Preview of df:
2025-08-16 13:54:44 | INFO     | 
  stock_id        date        open  ...         low       close    volume
0     0050  2015-01-05   13.749843  ...   13.667012   13.780905  25182448
1     2330  2015-01-05  104.125107  ...  101.901795  103.384003  32046000
2     0050  2015-01-06   13.615244  ...   13.408168   13.439230  78007304
3     2330  2015-01-06  101.901794  ...   98.566826   98.937378  66778000
4     0050  2015-01-07   13.397814  ...   13.397814   13.459937  27966168

[5 rows x 7 columns]
2025-08-16 13:54:46 | INFO     | Querying stock data from DB...
2025-08-16 13:54:46 | INFO     | Preview of df:
2025-08-16 13:54:46 | INFO     | 
  stock_id        date        open  ...         low       close    volume
0     0050  2015-01-05   13.749843  ...   13.667012   13.780905  25182448
1     2330  2015-01-05  104.125107  ...  101.901795  103.384003  32046000
2     0050  2015-01-06   13.615244  ...   13.408168   13.439230  78007304
3     2330  2015-01-06  101.901794  ...   98.566826   98.937378  66778000
4     0050  2015-01-07   13.397814  ...   13.397814   13.459937  27966168

[5 rows x 7 columns]
2025-08-16 13:54:49 | INFO     | Querying stock data from DB...
2025-08-16 13:54:49 | INFO     | Preview of df:
2025-08-16 13:54:49 | INFO     | 
  stock_id        date        open  ...         low       close    volume
0     0050  2015-01-05   13.749843  ...   13.667012   13.780905  25182448
1     2330  2015-01-05  104.125107  ...  101.901795  103.384003  32046000
2     0050  2015-01-06   13.615244  ...   13.408168   13.439230  78007304
3     2330  2015-01-06  101.901794  ...   98.566826   98.937378  66778000
4     0050  2015-01-07   13.397814  ...   13.397814   13.459937  27966168

[5 rows x 7 columns]
2025-08-16 13:54:50 | INFO     | Querying stock data from DB...
2025-08-16 13:54:50 | INFO     | Preview of df:
2025-08-16 13:54:50 | INFO     | 
  stock_id        date       open  ...        low      close    volume
0     0050  2015-01-05  13.749843  ...  13.667012  13.780905  25182448
1     0050  2015-01-06  13.615244  ...  13.408168  13.439230  78007304
2     0050  2015-01-07  13.397814  ...  13.397814  13.459937  27966168
3     0050  2015-01-08  13.563475  ...  13.563475  13.770551  52614100
4     0050  2015-01-09  13.853382  ...  13.677368  13.698075  23567924

[5 rows x 7 columns]
2025-08-16 13:54:52 | INFO     | Querying stock data from DB...
2025-08-16 13:54:52 | INFO     | Preview of df:
2025-08-16 13:54:52 | INFO     | 
  stock_id        date        open  ...         low       close    volume
0     0050  2015-01-05   13.749843  ...   13.667012   13.780905  25182448
1     2330  2015-01-05  104.125107  ...  101.901795  103.384003  32046000
2     0050  2015-01-06   13.615244  ...   13.408168   13.439230  78007304
3     2330  2015-01-06  101.901794  ...   98.566826   98.937378  66778000
4     0050  2015-01-07   13.397814  ...   13.397814   13.459937  27966168

[5 rows x 7 columns]
2025-08-16 22:30:45 | INFO     | Querying stock data from DB...
2025-08-16 22:30:45 | INFO     | Preview of df:
2025-08-16 22:30:45 | INFO     | 
  stock_id        date       open       high        low      close    volume
0     0050  2015-01-05  13.749843  13.822319  13.667012  13.780905  25182448
1     0050  2015-01-06  13.615244  13.615244  13.408168  13.439230  78007304
2     0050  2015-01-07  13.397814  13.511706  13.397814  13.459937  27966168
3     0050  2015-01-08  13.563475  13.791258  13.563475  13.770551  52614100
4     0050  2015-01-09  13.853382  13.863735  13.677368  13.698075  23567924
2025-08-16 22:30:49 | INFO     | Querying stock data from DB...
2025-08-16 22:30:49 | INFO     | Preview of df:
2025-08-16 22:30:49 | INFO     | 
  stock_id        date        open        high         low       close    volume
0     0050  2015-01-05   13.749843   13.822319   13.667012   13.780905  25182448
1     2330  2015-01-05  104.125107  104.125107  101.901795  103.384003  32046000
2     0050  2015-01-06   13.615244   13.615244   13.408168   13.439230  78007304
3     2330  2015-01-06  101.901794  101.901794   98.566826   98.937378  66778000
4     0050  2015-01-07   13.397814   13.511706   13.397814   13.459937  27966168
2025-08-16 22:31:08 | INFO     | Querying stock data from DB...
2025-08-16 22:31:08 | INFO     | Preview of df:
2025-08-16 22:31:08 | INFO     | 
  stock_id        date        open        high         low       close    volume
0     0050  2015-01-05   13.749843   13.822319   13.667012   13.780905  25182448
1     2330  2015-01-05  104.125107  104.125107  101.901795  103.384003  32046000
2     0050  2015-01-06   13.615244   13.615244   13.408168   13.439230  78007304
3     2330  2015-01-06  101.901794  101.901794   98.566826   98.937378  66778000
4     0050  2015-01-07   13.397814   13.511706   13.397814   13.459937  27966168
2025-08-16 22:41:14 | INFO     | Querying stock data from DB...
2025-08-16 22:41:14 | INFO     | Preview of df:
2025-08-16 22:41:14 | INFO     | 
  stock_id        date        open        high         low       close    volume
0     0050  2015-01-05   13.749843   13.822319   13.667012   13.780905  25182448
1     2330  2015-01-05  104.125107  104.125107  101.901795  103.384003  32046000
2     0050  2015-01-06   13.615244   13.615244   13.408168   13.439230  78007304
3     2330  2015-01-06  101.901794  101.901794   98.566826   98.937378  66778000
4     0050  2015-01-07   13.397814   13.511706   13.397814   13.459937  27966168
2025-08-16 22:41:16 | INFO     | Querying stock data from DB...
2025-08-16 22:41:16 | INFO     | Preview of df:
2025-08-16 22:41:16 | INFO     | 
  stock_id        date        open        high         low       close    volume
0     0050  2015-01-05   13.749843   13.822319   13.667012   13.780905  25182448
1     2330  2015-01-05  104.125107  104.125107  101.901795  103.384003  32046000
2     0050  2015-01-06   13.615244   13.615244   13.408168   13.439230  78007304
3     2330  2015-01-06  101.901794  101.901794   98.566826   98.937378  66778000
4     0050  2015-01-07   13.397814   13.511706   13.397814   13.459937  27966168
2025-08-16 22:41:18 | INFO     | Querying stock data from DB...
2025-08-16 22:41:18 | INFO     | Preview of df:
2025-08-16 22:41:18 | INFO     | 
  stock_id        date        open        high         low       close    volume
0     0050  2015-01-05   13.749843   13.822319   13.667012   13.780905  25182448
1     2330  2015-01-05  104.125107  104.125107  101.901795  103.384003  32046000
2     0050  2015-01-06   13.615244   13.615244   13.408168   13.439230  78007304
3     2330  2015-01-06  101.901794  101.901794   98.566826   98.937378  66778000
4     0050  2015-01-07   13.397814   13.511706   13.397814   13.459937  27966168
2025-08-16 22:41:20 | INFO     | Querying stock data from DB...
2025-08-16 22:41:20 | INFO     | Preview of df:
2025-08-16 22:41:20 | INFO     | 
  stock_id        date        open        high         low       close    volume
0     2330  2015-01-05  104.125107  104.125107  101.901795  103.384003  32046000
1     2330  2015-01-06  101.901794  101.901794   98.566826   98.937378  66778000
2     2330  2015-01-07   98.937408  100.049065   98.937408   99.307961  43703000
3     2330  2015-01-08  101.160706  102.272362  100.790154  102.272362  42491000
4     2330  2015-01-09  100.049065  100.419617   98.566856   99.307961  61558000
2025-08-16 22:41:24 | INFO     | Querying stock data from DB...
2025-08-16 22:41:24 | INFO     | Preview of df:
2025-08-16 22:41:24 | INFO     | 
  stock_id        date       open       high        low      close    volume
0     0050  2015-01-05  13.749843  13.822319  13.667012  13.780905  25182448
1     0050  2015-01-06  13.615244  13.615244  13.408168  13.439230  78007304
2     0050  2015-01-07  13.397814  13.511706  13.397814  13.459937  27966168
3     0050  2015-01-08  13.563475  13.791258  13.563475  13.770551  52614100
4     0050  2015-01-09  13.853382  13.863735  13.677368  13.698075  23567924
2025-08-16 22:41:26 | INFO     | Querying stock data from DB...
2025-08-16 22:41:26 | INFO     | Preview of df:
2025-08-16 22:41:26 | INFO     | 
  stock_id        date       open       high        low      close    volume
0     0050  2015-01-05  13.749843  13.822319  13.667012  13.780905  25182448
1     0050  2015-01-06  13.615244  13.615244  13.408168  13.439230  78007304
2     0050  2015-01-07  13.397814  13.511706  13.397814  13.459937  27966168
3     0050  2015-01-08  13.563475  13.791258  13.563475  13.770551  52614100
4     0050  2015-01-09  13.853382  13.863735  13.677368  13.698075  23567924
2025-08-16 22:41:27 | INFO     | Querying stock data from DB...
2025-08-16 22:41:27 | INFO     | Preview of df:
2025-08-16 22:41:27 | INFO     | 
  stock_id        date       open       high        low      close    volume
0     0050  2015-01-05  13.749843  13.822319  13.667012  13.780905  25182448
1     0050  2015-01-06  13.615244  13.615244  13.408168  13.439230  78007304
2     0050  2015-01-07  13.397814  13.511706  13.397814  13.459937  27966168
3     0050  2015-01-08  13.563475  13.791258  13.563475  13.770551  52614100
4     0050  2015-01-09  13.853382  13.863735  13.677368  13.698075  23567924
2025-08-16 22:41:30 | INFO     | Querying stock data from DB...
2025-08-16 22:41:30 | INFO     | Preview of df:
2025-08-16 22:41:30 | INFO     | 
  stock_id        date        open        high         low       close    volume
0     0050  2015-01-05   13.749843   13.822319   13.667012   13.780905  25182448
1     2330  2015-01-05  104.125107  104.125107  101.901795  103.384003  32046000
2     0050  2015-01-06   13.615244   13.615244   13.408168   13.439230  78007304
3     2330  2015-01-06  101.901794  101.901794   98.566826   98.937378  66778000
4     0050  2015-01-07   13.397814   13.511706   13.397814   13.459937  27966168
2025-08-17 11:36:00 | INFO     | Querying stock data from DB...
2025-08-17 11:36:00 | INFO     | Preview of df:
2025-08-17 11:36:00 | INFO     | 
  stock_id        date        open        high         low       close    volume
0     0050  2015-01-05   13.749843   13.822319   13.667012   13.780905  25182448
1     2330  2015-01-05  104.125107  104.125107  101.901795  103.384003  32046000
2     0050  2015-01-06   13.615244   13.615244   13.408168   13.439230  78007304
3     2330  2015-01-06  101.901794  101.901794   98.566826   98.937378  66778000
4     0050  2015-01-07   13.397814   13.511706   13.397814   13.459937  27966168
2025-08-17 11:36:16 | INFO     | Querying stock data from DB...
2025-08-17 11:36:16 | INFO     | Preview of df:
2025-08-17 11:36:16 | INFO     | 
  stock_id        date        open        high         low       close    volume
0     0050  2015-01-05   13.749843   13.822319   13.667012   13.780905  25182448
1     2330  2015-01-05  104.125107  104.125107  101.901795  103.384003  32046000
2     0050  2015-01-06   13.615244   13.615244   13.408168   13.439230  78007304
3     2330  2015-01-06  101.901794  101.901794   98.566826   98.937378  66778000
4     0050  2015-01-07   13.397814   13.511706   13.397814   13.459937  27966168
2025-08-17 11:40:42 | INFO     | Fetching 2454 data...
2025-08-17 11:40:43 | INFO     | Fetching stock data...
2025-08-17 11:40:43 | INFO     | Preview of df:
2025-08-17 11:40:43 | INFO     | 
Price        date       close        high         low        open    volume
0      2015-01-05  274.199768  277.167298  273.012756  273.012756   2459000
1      2015-01-06  271.825745  274.199769  271.825745  273.012757   5915000
2      2015-01-07  288.740723  289.037476  276.870600  277.760860  13046000
3      2015-01-08  287.850433  293.488741  287.553680  292.301729   8367000
4      2015-01-09  289.630951  293.785493  289.630951  292.004975   7473000
2025-08-17 11:40:43 | INFO     | Added new data 2583 count
2025-08-17 11:40:43 | INFO     | DB size：708.00 KB
2025-08-17 11:40:43 | INFO     | Done Updating!
2025-08-17 11:41:06 | INFO     | Querying stock data from DB...
2025-08-17 11:41:06 | INFO     | Preview of df:
2025-08-17 11:41:06 | INFO     | 
  stock_id        date        open        high         low       close    volume
0     0050  2015-01-05   13.749843   13.822319   13.667012   13.780905  25182448
1     2330  2015-01-05  104.125107  104.125107  101.901795  103.384003  32046000
2     0050  2015-01-06   13.615244   13.615244   13.408168   13.439230  78007304
3     2330  2015-01-06  101.901794  101.901794   98.566826   98.937378  66778000
4     0050  2015-01-07   13.397814   13.511706   13.397814   13.459937  27966168
2025-08-17 11:41:10 | INFO     | Querying stock data from DB...
2025-08-17 11:41:10 | INFO     | Preview of df:
2025-08-17 11:41:10 | INFO     | 
  stock_id        date        open        high         low       close    volume
0     0050  2015-01-05   13.749843   13.822319   13.667012   13.780905  25182448
1     2330  2015-01-05  104.125107  104.125107  101.901795  103.384003  32046000
2     2454  2015-01-05  273.012756  277.167298  273.012756  274.199768   2459000
3     0050  2015-01-06   13.615244   13.615244   13.408168   13.439230  78007304
4     2330  2015-01-06  101.901794  101.901794   98.566826   98.937378  66778000
2025-08-17 11:41:29 | INFO     | Querying stock data from DB...
2025-08-17 11:41:29 | INFO     | Preview of df:
2025-08-17 11:41:29 | INFO     | 
  stock_id        date        open        high         low       close    volume
0     0050  2015-01-05   13.749843   13.822319   13.667012   13.780905  25182448
1     2330  2015-01-05  104.125107  104.125107  101.901795  103.384003  32046000
2     2454  2015-01-05  273.012756  277.167298  273.012756  274.199768   2459000
3     0050  2015-01-06   13.615244   13.615244   13.408168   13.439230  78007304
4     2330  2015-01-06  101.901794  101.901794   98.566826   98.937378  66778000
2025-08-17 11:42:14 | INFO     | Querying stock data from DB...
2025-08-17 11:42:14 | INFO     | Preview of df:
2025-08-17 11:42:14 | INFO     | 
  stock_id        date        open        high         low       close    volume
0     0050  2015-01-05   13.749843   13.822319   13.667012   13.780905  25182448
1     2454  2015-01-05  273.012756  277.167298  273.012756  274.199768   2459000
2     0050  2015-01-06   13.615244   13.615244   13.408168   13.439230  78007304
3     2454  2015-01-06  273.012757  274.199769  271.825745  271.825745   5915000
4     0050  2015-01-07   13.397814   13.511706   13.397814   13.459937  27966168
2025-08-17 11:42:32 | INFO     | Querying stock data from DB...
2025-08-17 11:42:32 | INFO     | Preview of df:
2025-08-17 11:42:32 | INFO     | 
  stock_id        date        open        high         low       close    volume
0     0050  2015-01-05   13.749843   13.822319   13.667012   13.780905  25182448
1     2330  2015-01-05  104.125107  104.125107  101.901795  103.384003  32046000
2     2454  2015-01-05  273.012756  277.167298  273.012756  274.199768   2459000
3     0050  2015-01-06   13.615244   13.615244   13.408168   13.439230  78007304
4     2330  2015-01-06  101.901794  101.901794   98.566826   98.937378  66778000
2025-08-17 11:45:40 | INFO     | Querying stock data from DB...
2025-08-17 11:45:40 | INFO     | Preview of df:
2025-08-17 11:45:40 | INFO     | 
  stock_id        date        open        high         low       close    volume
0     0050  2015-01-05   13.749843   13.822319   13.667012   13.780905  25182448
1     2330  2015-01-05  104.125107  104.125107  101.901795  103.384003  32046000
2     2454  2015-01-05  273.012756  277.167298  273.012756  274.199768   2459000
3     0050  2015-01-06   13.615244   13.615244   13.408168   13.439230  78007304
4     2330  2015-01-06  101.901794  101.901794   98.566826   98.937378  66778000
2025-08-17 14:49:41 | INFO     | Querying stock data from DB...
2025-08-17 14:49:41 | INFO     | Preview of df:
2025-08-17 14:49:41 | INFO     | 
  stock_id        date        open        high         low       close    volume
0     0050  2015-01-05   13.749843   13.822319   13.667012   13.780905  25182448
1     2330  2015-01-05  104.125107  104.125107  101.901795  103.384003  32046000
2     2454  2015-01-05  273.012756  277.167298  273.012756  274.199768   2459000
3     0050  2015-01-06   13.615244   13.615244   13.408168   13.439230  78007304
4     2330  2015-01-06  101.901794  101.901794   98.566826   98.937378  66778000
2025-08-17 15:15:18 | INFO     | Querying stock data from DB...
2025-08-17 15:15:18 | INFO     | Preview of df:
2025-08-17 15:15:18 | INFO     | 
  stock_id        date        open        high         low       close    volume
0     0050  2015-01-05   13.749843   13.822319   13.667012   13.780905  25182448
1     2330  2015-01-05  104.125107  104.125107  101.901795  103.384003  32046000
2     2454  2015-01-05  273.012756  277.167298  273.012756  274.199768   2459000
3     0050  2015-01-06   13.615244   13.615244   13.408168   13.439230  78007304
4     2330  2015-01-06  101.901794  101.901794   98.566826   98.937378  66778000
2025-08-17 15:17:42 | INFO     | Querying stock data from DB...
2025-08-17 15:17:42 | INFO     | Preview of df:
2025-08-17 15:17:42 | INFO     | 
  stock_id        date        open        high         low       close    volume
0     0050  2015-01-05   13.749843   13.822319   13.667012   13.780905  25182448
1     2330  2015-01-05  104.125107  104.125107  101.901795  103.384003  32046000
2     2454  2015-01-05  273.012756  277.167298  273.012756  274.199768   2459000
3     0050  2015-01-06   13.615244   13.615244   13.408168   13.439230  78007304
4     2330  2015-01-06  101.901794  101.901794   98.566826   98.937378  66778000
2025-08-17 15:21:18 | INFO     | Querying stock data from DB...
2025-08-17 15:21:18 | INFO     | Preview of df:
2025-08-17 15:21:18 | INFO     | 
  stock_id        date        open        high         low       close    volume
0     0050  2015-01-05   13.749843   13.822319   13.667012   13.780905  25182448
1     2330  2015-01-05  104.125107  104.125107  101.901795  103.384003  32046000
2     2454  2015-01-05  273.012756  277.167298  273.012756  274.199768   2459000
3     0050  2015-01-06   13.615244   13.615244   13.408168   13.439230  78007304
4     2330  2015-01-06  101.901794  101.901794   98.566826   98.937378  66778000
2025-08-22 09:40:07 | INFO     | Querying stock data from DB...
2025-08-22 09:40:07 | INFO     | Preview of df:
2025-08-22 09:40:07 | INFO     | 
  stock_id        date        open        high         low       close    volume
0     0050  2015-01-05   13.749843   13.822319   13.667012   13.780905  25182448
1     2330  2015-01-05  104.125107  104.125107  101.901795  103.384003  32046000
2     2454  2015-01-05  273.012756  277.167298  273.012756  274.199768   2459000
3     0050  2015-01-06   13.615244   13.615244   13.408168   13.439230  78007304
4     2330  2015-01-06  101.901794  101.901794   98.566826   98.937378  66778000
